git is a version control system.
git is a free software

======创建版本库======
$ mkdir learngit
$ cd learngit
$ pwd

$ git init
Initialized empty Git repository in /Users/michael/learngit/.git/
$ git add readme.txt

$ git commit -m "wrote a readme file"
[master (root-commit) cb926e7] wrote a readme file
 1 file changed, 2 insertions(+)
 create mode 100644 readme.txt
 
$ git add file1.txt
$ git add file2.txt file3.txt
$ git commit -m "add 3 files."

初始化一个Git仓库，使用git init命令。

添加文件到Git仓库，分两步：

第一步，使用命令git add <file>，注意，可反复多次使用，添加多个文件；

第二步，使用命令git commit，完成。

======时光机穿梭======
要随时掌握工作区的状态，使用git status命令。

如果git status告诉你有文件被修改过，用git diff可以查看修改内容。

$ git diff readme.txt 
diff --git a/readme.txt b/readme.txt
index 46d49bf..9247db6 100644
--- a/readme.txt
+++ b/readme.txt
@@ -1,2 +1,2 @@
-Git is a version control system.
+Git is a distributed version control system.
 Git is free software.
 
$ git add readme.txt
$ git status
# On branch master
# Changes to be committed:
#   (use "git reset HEAD <file>..." to unstage)
#
#       modified:   readme.txt
#
$ git commit -m "add distributed"
[master ea34578] add distributed
 1 file changed, 1 insertion(+), 1 deletion(-)
======版本回退======
$ git log --pretty=oneline
3628164fb26d48395383f8f31179f24e0882e1e0 append GPL
ea34578d5496d7dd233c827ed32a8cd576c5ee85 add distributed
cb926e7ea50ad11b8f9e909c05226233bf755030 wrote a readme file

在Git中，用HEAD表示当前版本，也就是最新的提交3628164...882e1e0（注意我的提交ID和你的肯定不一样），上一个版本就是HEAD^，上上一个版本就是HEAD^^，当然往上100个版本写100个^比较容易数不过来，所以写成HEAD~100。

现在，我们要把当前版本“append GPL”回退到上一个版本“add distributed”，就可以使用git reset命令：

$ git reset --hard HEAD^
HEAD is now at ea34578 add distributed

$ git reset --hard 3628164
HEAD is now at 3628164 append GPL

Git的版本回退速度非常快，因为Git在内部有个指向当前版本的HEAD指针，当你回退版本的时候，Git仅仅是把HEAD从指向append GPL：然后顺便把工作区的文件更新了。所以你让HEAD指向哪个版本号，你就把当前版本定位在哪

在Git中，总是有后悔药可以吃的。当你用$ git reset --hard HEAD^回退到add distributed版本时，再想恢复到append GPL，就必须找到append GPL的commit id。Git提供了一个命令git reflog用来记录你的每一次命令：

$ git reflog
ea34578 HEAD@{0}: reset: moving to HEAD^
3628164 HEAD@{1}: commit: append GPL
ea34578 HEAD@{2}: commit: add distributed
cb926e7 HEAD@{3}: commit (initial): wrote a readme file

HEAD指向的版本就是当前版本，因此，Git允许我们在版本的历史之间穿梭，使用命令git reset --hard commit_id。

穿梭前，用git log可以查看提交历史，以便确定要回退到哪个版本。

要重返未来，用git reflog查看命令历史，以便确定要回到未来的哪个版本。